Archive member included because of file (symbol)

C:/Freescale/CW MCU v10.6/MCU/ARM_GCC_Support/ewl/lib/armv6-m\libc.a(exit.o)
                              ./Project_Settings/Startup_Code/__arm_start.o (exit)
C:/Freescale/CW MCU v10.6/MCU/ARM_GCC_Support/ewl/lib/armv6-m\libc.a(memset.o)
                              ./Project_Settings/Startup_Code/__arm_start.o (memset)
C:/Freescale/CW MCU v10.6/MCU/ARM_GCC_Support/ewl/lib/armv6-m\libc.a(__filll_mem.o)
                              C:/Freescale/CW MCU v10.6/MCU/ARM_GCC_Support/ewl/lib/armv6-m\libc.a(memset.o) (__fill_mem)
C:/Freescale/CW MCU v10.6/MCU/ARM_GCC_Support/ewl/lib/armv6-m\librt.a(gcc_ctor_dtor.o)
                              ./Project_Settings/Startup_Code/__arm_start.o (__init_cpp)
C:/Freescale/CW MCU v10.6/MCU/ARM_GCC_Support/ewl/lib/armv6-m\librt.a(ROMCopy.o)
                              ./Project_Settings/Startup_Code/__arm_start.o (__copy_rom_sections_to_ram)
C:/Freescale/CW MCU v10.6/MCU/ARM_GCC_Support/ewl/lib/armv6-m\librt.a(__arm_eabi_init.o)
                              C:/Freescale/CW MCU v10.6/MCU/ARM_GCC_Support/ewl/lib/armv6-m\libc.a(exit.o) (__destroy_global_chain)

Discarded input sections

 .text          0x00000000        0x0 ./Project_Settings/Startup_Code/kinetis_sysinit.o
 .data          0x00000000        0x0 ./Project_Settings/Startup_Code/kinetis_sysinit.o
 .bss           0x00000000        0x0 ./Project_Settings/Startup_Code/kinetis_sysinit.o
 .text          0x00000000        0x0 ./Project_Settings/Startup_Code/__arm_start.o
 .data          0x00000000        0x0 ./Project_Settings/Startup_Code/__arm_start.o
 .bss           0x00000000        0x0 ./Project_Settings/Startup_Code/__arm_start.o
 .text.__iar_program_start
                0x00000000        0x4 ./Project_Settings/Startup_Code/__arm_start.o
 .text          0x00000000        0x0 ./Project_Settings/Startup_Code/__arm_end.o
 .data          0x00000000        0x0 ./Project_Settings/Startup_Code/__arm_end.o
 .bss           0x00000000        0x0 ./Project_Settings/Startup_Code/__arm_end.o
 .text          0x00000000        0x0 ./Sources/sa_mtb.o
 .data          0x00000000        0x0 ./Sources/sa_mtb.o
 .bss           0x00000000        0x0 ./Sources/sa_mtb.o
 .debug_info    0x00000000       0x21 ./Sources/sa_mtb.o
 .debug_abbrev  0x00000000       0x12 ./Sources/sa_mtb.o
 .debug_aranges
                0x00000000       0x18 ./Sources/sa_mtb.o
 .debug_macinfo
                0x00000000     0x24d8 ./Sources/sa_mtb.o
 .debug_line    0x00000000       0xaa ./Sources/sa_mtb.o
 .debug_str     0x00000000       0xbb ./Sources/sa_mtb.o
 .comment       0x00000000       0x7a ./Sources/sa_mtb.o
 .ARM.attributes
                0x00000000       0x31 ./Sources/sa_mtb.o
 .text          0x00000000        0x0 ./Sources/main.o
 .data          0x00000000        0x0 ./Sources/main.o
 .bss           0x00000000        0x0 ./Sources/main.o
 .text          0x00000000        0x0 ./Sources/UART0.o
 .data          0x00000000        0x0 ./Sources/UART0.o
 .bss           0x00000000        0x0 ./Sources/UART0.o
 .text.UART_bfnReceiveBuffer
                0x00000000       0x48 ./Sources/UART0.o
 .bss.bReturnValue.4619
                0x00000000        0x1 ./Sources/UART0.o
 .text          0x00000000        0x0 ./Sources/DAC.o
 .data          0x00000000        0x0 ./Sources/DAC.o
 .bss           0x00000000        0x0 ./Sources/DAC.o
 .text          0x00000000        0x0 ./Sources/ADC.o
 .data          0x00000000        0x0 ./Sources/ADC.o
 .bss           0x00000000        0x0 ./Sources/ADC.o
 .text          0x00000000        0x0 C:/Freescale/CW MCU v10.6/MCU/ARM_GCC_Support/ewl/lib/armv6-m\libc.a(exit.o)
 .data          0x00000000        0x0 C:/Freescale/CW MCU v10.6/MCU/ARM_GCC_Support/ewl/lib/armv6-m\libc.a(exit.o)
 .bss           0x00000000        0x0 C:/Freescale/CW MCU v10.6/MCU/ARM_GCC_Support/ewl/lib/armv6-m\libc.a(exit.o)
 .text          0x00000000        0x0 C:/Freescale/CW MCU v10.6/MCU/ARM_GCC_Support/ewl/lib/armv6-m\libc.a(memset.o)
 .data          0x00000000        0x0 C:/Freescale/CW MCU v10.6/MCU/ARM_GCC_Support/ewl/lib/armv6-m\libc.a(memset.o)
 .bss           0x00000000        0x0 C:/Freescale/CW MCU v10.6/MCU/ARM_GCC_Support/ewl/lib/armv6-m\libc.a(memset.o)
 .text          0x00000000        0x0 C:/Freescale/CW MCU v10.6/MCU/ARM_GCC_Support/ewl/lib/armv6-m\libc.a(__filll_mem.o)
 .data          0x00000000        0x0 C:/Freescale/CW MCU v10.6/MCU/ARM_GCC_Support/ewl/lib/armv6-m\libc.a(__filll_mem.o)
 .bss           0x00000000        0x0 C:/Freescale/CW MCU v10.6/MCU/ARM_GCC_Support/ewl/lib/armv6-m\libc.a(__filll_mem.o)
 .text          0x00000000        0x0 C:/Freescale/CW MCU v10.6/MCU/ARM_GCC_Support/ewl/lib/armv6-m\librt.a(gcc_ctor_dtor.o)
 .data          0x00000000        0x0 C:/Freescale/CW MCU v10.6/MCU/ARM_GCC_Support/ewl/lib/armv6-m\librt.a(gcc_ctor_dtor.o)
 .bss           0x00000000        0x0 C:/Freescale/CW MCU v10.6/MCU/ARM_GCC_Support/ewl/lib/armv6-m\librt.a(gcc_ctor_dtor.o)
 .bss.__dso_handle
                0x00000000        0x4 C:/Freescale/CW MCU v10.6/MCU/ARM_GCC_Support/ewl/lib/armv6-m\librt.a(gcc_ctor_dtor.o)
 .text          0x00000000        0x0 C:/Freescale/CW MCU v10.6/MCU/ARM_GCC_Support/ewl/lib/armv6-m\librt.a(ROMCopy.o)
 .data          0x00000000        0x0 C:/Freescale/CW MCU v10.6/MCU/ARM_GCC_Support/ewl/lib/armv6-m\librt.a(ROMCopy.o)
 .bss           0x00000000        0x0 C:/Freescale/CW MCU v10.6/MCU/ARM_GCC_Support/ewl/lib/armv6-m\librt.a(ROMCopy.o)
 .text.__flush_cache
                0x00000000        0x2 C:/Freescale/CW MCU v10.6/MCU/ARM_GCC_Support/ewl/lib/armv6-m\librt.a(ROMCopy.o)
 .text          0x00000000        0x0 C:/Freescale/CW MCU v10.6/MCU/ARM_GCC_Support/ewl/lib/armv6-m\librt.a(__arm_eabi_init.o)
 .data          0x00000000        0x0 C:/Freescale/CW MCU v10.6/MCU/ARM_GCC_Support/ewl/lib/armv6-m\librt.a(__arm_eabi_init.o)
 .bss           0x00000000        0x0 C:/Freescale/CW MCU v10.6/MCU/ARM_GCC_Support/ewl/lib/armv6-m\librt.a(__arm_eabi_init.o)
 .text.__register_global_object
                0x00000000       0x14 C:/Freescale/CW MCU v10.6/MCU/ARM_GCC_Support/ewl/lib/armv6-m\librt.a(__arm_eabi_init.o)
 .text.__cxa_atexit
                0x00000000       0x38 C:/Freescale/CW MCU v10.6/MCU/ARM_GCC_Support/ewl/lib/armv6-m\librt.a(__arm_eabi_init.o)
 .text.__aeabi_atexit
                0x00000000        0xe C:/Freescale/CW MCU v10.6/MCU/ARM_GCC_Support/ewl/lib/armv6-m\librt.a(__arm_eabi_init.o)
 .text.__register_atexit
                0x00000000        0xc C:/Freescale/CW MCU v10.6/MCU/ARM_GCC_Support/ewl/lib/armv6-m\librt.a(__arm_eabi_init.o)
 .text.__init_hardware
                0x00000000        0x4 C:/Freescale/CW MCU v10.6/MCU/ARM_GCC_Support/ewl/lib/armv6-m\librt.a(__arm_eabi_init.o)
 .bss.atexit_curr_func
                0x00000000        0x4 C:/Freescale/CW MCU v10.6/MCU/ARM_GCC_Support/ewl/lib/armv6-m\librt.a(__arm_eabi_init.o)
 .bss.atexit_funcs
                0x00000000      0x300 C:/Freescale/CW MCU v10.6/MCU/ARM_GCC_Support/ewl/lib/armv6-m\librt.a(__arm_eabi_init.o)

Memory Configuration

Name             Origin             Length             Attributes
m_interrupts     0x00000000         0x000000c0         xr
m_cfmprotrom     0x00000400         0x00000010         xr
m_text           0x00000800         0x0001f800         xr
m_data           0x1ffff000         0x00004000         xrw
*default*        0x00000000         0xffffffff

Linker script and memory map

LOAD ./Project_Settings/Startup_Code/kinetis_sysinit.o
LOAD ./Project_Settings/Startup_Code/__arm_start.o
LOAD ./Project_Settings/Startup_Code/__arm_end.o
LOAD ./Sources/sa_mtb.o
LOAD ./Sources/main.o
LOAD ./Sources/UART0.o
LOAD ./Sources/DAC.o
LOAD ./Sources/ADC.o
START GROUP
LOAD C:/Freescale/CW MCU v10.6/MCU/ARM_GCC_Support/ewl/lib/armv6-m\libc.a
LOAD C:/Freescale/CW MCU v10.6/MCU/ARM_GCC_Support/ewl/lib/armv6-m\libm.a
LOAD c:/freescale/cw mcu v10.6/cross_tools/arm-none-eabi-gcc-4_7_3/bin/../lib/gcc/arm-none-eabi/4.7.3/armv6-m\libgcc.a
LOAD C:/Freescale/CW MCU v10.6/MCU/ARM_GCC_Support/ewl/lib/armv6-m\librt.a
END GROUP
                0x20003000                _estack = 0x20003000
                0x20003000                __SP_INIT = _estack
                0x00000400                __heap_size = 0x400
                0x00000400                __stack_size = 0x400

.interrupts     0x00000000       0xc0
                0x00000000                __vector_table = .
                0x00000000                . = ALIGN (0x4)
 *(.vectortable)
 .vectortable   0x00000000       0xc0 ./Project_Settings/Startup_Code/kinetis_sysinit.o
                0x00000000                InterruptVector
                0x000000c0                . = ALIGN (0x4)

.cfmprotect     0x00000400        0x0
                0x00000400                . = ALIGN (0x4)
 *(.cfmconfig)
                0x00000400                . = ALIGN (0x4)

.text           0x00000800      0x4e8
                0x00000800                . = ALIGN (0x4)
 *(.text)
 *(.text*)
 .text.Default_Handler
                0x00000800        0xc ./Project_Settings/Startup_Code/kinetis_sysinit.o
                0x00000800                RTC_Alarm_IRQHandler
                0x00000800                I2C0_IRQHandler
                0x00000800                HardFault_Handler
                0x00000800                SysTick_Handler
                0x00000800                PendSV_Handler
                0x00000800                NMI_Handler
                0x00000800                I2C1_IRQHandler
                0x00000800                UART1_IRQHandler
                0x00000800                DMA2_IRQHandler
                0x00000800                TSI0_IRQHandler
                0x00000800                UART0_IRQHandler
                0x00000800                ADC0_IRQHandler
                0x00000800                SPI1_IRQHandler
                0x00000800                PORTD_IRQHandler
                0x00000800                LPTimer_IRQHandler
                0x00000800                FTM1_IRQHandler
                0x00000800                RTC_Seconds_IRQHandler
                0x00000800                MCG_IRQHandler
                0x00000800                UART2_IRQHandler
                0x00000800                Default_Handler
                0x00000800                LLW_IRQHandler
                0x00000800                PIT_IRQHandler
                0x00000800                SVC_Handler
                0x00000800                USBOTG_IRQHandler
                0x00000800                DMA3_IRQHandler
                0x00000800                DMA0_IRQHandler
                0x00000800                DAC0_IRQHandler
                0x00000800                PMC_IRQHandler
                0x00000800                SPI0_IRQHandler
                0x00000800                FTM0_IRQHandler
                0x00000800                PORTA_IRQHandler
                0x00000800                MCM_IRQHandler
                0x00000800                FTFL_IRQHandler
                0x00000800                FTM2_IRQHandler
                0x00000800                CMP0_IRQHandler
                0x00000800                DMA1_IRQHandler
 .text.__init_hardware
                0x0000080c       0x2c ./Project_Settings/Startup_Code/kinetis_sysinit.o
                0x0000080c                __init_hardware
 .text.zero_fill_bss
                0x00000838       0x24 ./Project_Settings/Startup_Code/__arm_start.o
 .text.__thumb_startup
                0x0000085c       0x30 ./Project_Settings/Startup_Code/__arm_start.o
                0x0000085c                __thumb_startup
 .text._ExitProcess
                0x0000088c        0xc ./Project_Settings/Startup_Code/__arm_end.o
                0x0000088c                _ExitProcess
 .text.main     0x00000898       0x60 ./Sources/main.o
                0x00000898                main
 .text.UART_vfnInitialization
                0x000008f8       0x90 ./Sources/UART0.o
                0x000008f8                UART_vfnInitialization
 .text.UART_vfnTransmitBuffer
                0x00000988       0x30 ./Sources/UART0.o
                0x00000988                UART_vfnTransmitBuffer
 .text.vfndac_Init
                0x000009b8       0x70 ./Sources/DAC.o
                0x000009b8                vfndac_Init
 .text.vfndac_Output
                0x00000a28       0x34 ./Sources/DAC.o
                0x00000a28                vfndac_Output
 .text.vfnADCInit
                0x00000a5c       0x5c ./Sources/ADC.o
                0x00000a5c                vfnADCInit
 .text.bfnADCLectura
                0x00000ab8       0x38 ./Sources/ADC.o
                0x00000ab8                bfnADCLectura
 .text.exit     0x00000af0       0x38 C:/Freescale/CW MCU v10.6/MCU/ARM_GCC_Support/ewl/lib/armv6-m\libc.a(exit.o)
                0x00000af0                exit
 .text.memset   0x00000b28        0xc C:/Freescale/CW MCU v10.6/MCU/ARM_GCC_Support/ewl/lib/armv6-m\libc.a(memset.o)
                0x00000b28                memset
 .text.__fill_mem
                0x00000b34       0x7e C:/Freescale/CW MCU v10.6/MCU/ARM_GCC_Support/ewl/lib/armv6-m\libc.a(__filll_mem.o)
                0x00000b34                __fill_mem
 *fill*         0x00000bb2        0x2 00
 .text.__init_cpp
                0x00000bb4       0x48 C:/Freescale/CW MCU v10.6/MCU/ARM_GCC_Support/ewl/lib/armv6-m\librt.a(gcc_ctor_dtor.o)
                0x00000bb4                __init_cpp
 .text.__fini_cpp
                0x00000bfc       0x34 C:/Freescale/CW MCU v10.6/MCU/ARM_GCC_Support/ewl/lib/armv6-m\librt.a(gcc_ctor_dtor.o)
                0x00000bfc                __fini_cpp
 .text.__copy_rom_section
                0x00000c30       0x48 C:/Freescale/CW MCU v10.6/MCU/ARM_GCC_Support/ewl/lib/armv6-m\librt.a(ROMCopy.o)
                0x00000c30                __copy_rom_section
 .text.__copy_rom_sections_to_ram
                0x00000c78       0x34 C:/Freescale/CW MCU v10.6/MCU/ARM_GCC_Support/ewl/lib/armv6-m\librt.a(ROMCopy.o)
                0x00000c78                __copy_rom_sections_to_ram
 .text.__destroy_global_chain
                0x00000cac       0x1c C:/Freescale/CW MCU v10.6/MCU/ARM_GCC_Support/ewl/lib/armv6-m\librt.a(__arm_eabi_init.o)
                0x00000cac                __destroy_global_chain
 .text.__init_registers
                0x00000cc8       0x1c C:/Freescale/CW MCU v10.6/MCU/ARM_GCC_Support/ewl/lib/armv6-m\librt.a(__arm_eabi_init.o)
                0x00000cc8                __init_registers
 .text.__init_user
                0x00000ce4        0x4 C:/Freescale/CW MCU v10.6/MCU/ARM_GCC_Support/ewl/lib/armv6-m\librt.a(__arm_eabi_init.o)
                0x00000ce4                __init_user
 *(.rodata)
 *(.rodata*)
 *(.glue_7)
 .glue_7        0x00000000        0x0 linker stubs
 *(.glue_7t)
 .glue_7t       0x00000000        0x0 linker stubs
 *(.eh_frame)
 *(.init)
 *(.fini)
                0x00000ce8                . = ALIGN (0x4)
                0x00000ce8                _etext = .

.vfp11_veneer   0x00000ce8        0x0
 .vfp11_veneer  0x00000000        0x0 linker stubs

.v4_bx          0x00000ce8        0x0
 .v4_bx         0x00000000        0x0 linker stubs

.iplt           0x00000ce8        0x0
 .iplt          0x00000000        0x0 ./Project_Settings/Startup_Code/kinetis_sysinit.o

.rel.dyn        0x00000ce8        0x0
 .rel.iplt      0x00000000        0x0 ./Project_Settings/Startup_Code/kinetis_sysinit.o

.ARM.extab
 *(.ARM.extab* .gnu.linkonce.armextab.*)

.ARM            0x00000ce8        0x0
                0x00000ce8                __exidx_start = .
 *(.ARM.exidx*)
                0x00000ce8                __exidx_end = .

.ctors          0x00000ce8        0x0
                0x00000ce8                __CTOR_LIST__ = .
 *crtbegin.o(.ctors)
 *(EXCLUDE_FILE(*crtend.o) .ctors)
 *(SORT(.ctors.*))
 *(.ctors)
                0x00000ce8                __CTOR_END__ = .

.dtors          0x00000ce8        0x0
                0x00000ce8                __DTOR_LIST__ = .
 *crtbegin.o(.dtors)
 *(EXCLUDE_FILE(*crtend.o) .dtors)
 *(SORT(.dtors.*))
 *(.dtors)
                0x00000ce8                __DTOR_END__ = .

.preinit_array  0x00000ce8        0x0
                0x00000ce8                PROVIDE (__preinit_array_start, .)
 *(.preinit_array*)
                0x00000ce8                PROVIDE (__preinit_array_end, .)

.init_array     0x00000ce8        0x0
                0x00000ce8                PROVIDE (__init_array_start, .)
 *(SORT(.init_array.*))
 *(.init_array*)
                0x00000ce8                PROVIDE (__init_array_end, .)

.fini_array     0x00000ce8        0x0
                0x00000ce8                PROVIDE (__fini_array_start, .)
 *(SORT(.fini_array.*))
 *(.fini_array*)
                0x00000ce8                PROVIDE (__fini_array_end, .)
                0x00000ce8                ___ROM_AT = .

.mtb            0x1ffff000        0x0
                0x1ffff000                . = ALIGN (0x8)
                0x1ffff000                _mtb_start = .
 *(.mtb_buf)
                0x1ffff000                . = ALIGN (0x8)
                0x1ffff000                _mtb_end = .

.data           0x1ffff000        0x0 load address 0x00000ce8
                0x1ffff000                . = ALIGN (0x4)
                0x1ffff000                _sdata = .
 *(.data)
 *(.data*)
                0x1ffff000                . = ALIGN (0x4)
                0x1ffff000                _edata = .
                0x00000000                ___data_size = (_edata - _sdata)

.igot.plt       0x1ffff000        0x0
 .igot.plt      0x00000000        0x0 ./Project_Settings/Startup_Code/kinetis_sysinit.o
                0x1ffff000                . = ALIGN (0x4)

.bss            0x1ffff000       0x1c
                0x1ffff000                __START_BSS = .
                0x1ffff000                PROVIDE (__bss_start__, __START_BSS)
 *(.bss)
 *(.bss*)
 .bss.argv      0x1ffff000        0x4 ./Project_Settings/Startup_Code/__arm_start.o
 .bss.__stdio_exit
                0x1ffff004        0x4 C:/Freescale/CW MCU v10.6/MCU/ARM_GCC_Support/ewl/lib/armv6-m\libc.a(exit.o)
                0x1ffff004                __stdio_exit
 .bss.__console_exit
                0x1ffff008        0x4 C:/Freescale/CW MCU v10.6/MCU/ARM_GCC_Support/ewl/lib/armv6-m\libc.a(exit.o)
                0x1ffff008                __console_exit
 .bss.__S_romp  0x1ffff00c        0xc C:/Freescale/CW MCU v10.6/MCU/ARM_GCC_Support/ewl/lib/armv6-m\librt.a(ROMCopy.o)
 .bss.__global_destructor_chain
                0x1ffff018        0x4 C:/Freescale/CW MCU v10.6/MCU/ARM_GCC_Support/ewl/lib/armv6-m\librt.a(__arm_eabi_init.o)
                0x1ffff018                __global_destructor_chain
 *(COMMON)
                0x1ffff01c                . = ALIGN (0x4)
                0x1ffff01c                __END_BSS = .
                0x1ffff01c                PROVIDE (__bss_end__, __END_BSS)
                0x00000ce8                _romp_at = (___ROM_AT + SIZEOF (.data))

.romp           0x1ffff01c       0x18 load address 0x00000ce8
                0x00000ce8                __S_romp = _romp_at
                0x1ffff01c        0x4 LONG 0xce8 ___ROM_AT
                0x1ffff020        0x4 LONG 0x1ffff000 _sdata
                0x1ffff024        0x4 LONG 0x0 ___data_size
                0x1ffff028        0x4 LONG 0x0
                0x1ffff02c        0x4 LONG 0x0
                0x1ffff030        0x4 LONG 0x0

._user_heap_stack
                0x1ffff034      0x800 load address 0x00000d00
                0x1ffff034                . = ALIGN (0x4)
                0x1ffff034                PROVIDE (end, .)
                0x1ffff034                PROVIDE (_end, .)
                0x1ffff034                __heap_addr = .
                0x1ffff434                . = (. + __heap_size)
 *fill*         0x1ffff034      0x400 00
                0x1ffff834                . = (. + __stack_size)
 *fill*         0x1ffff434      0x400 00
                0x1ffff834                . = ALIGN (0x4)

.ARM.attributes
                0x00000000       0x31
 *(.ARM.attributes)
 .ARM.attributes
                0x00000000       0x31 ./Project_Settings/Startup_Code/kinetis_sysinit.o
 .ARM.attributes
                0x00000031       0x31 ./Project_Settings/Startup_Code/__arm_start.o
 .ARM.attributes
                0x00000062       0x31 ./Project_Settings/Startup_Code/__arm_end.o
 .ARM.attributes
                0x00000093       0x31 ./Sources/main.o
 .ARM.attributes
                0x000000c4       0x31 ./Sources/UART0.o
 .ARM.attributes
                0x000000f5       0x31 ./Sources/DAC.o
 .ARM.attributes
                0x00000126       0x31 ./Sources/ADC.o
 .ARM.attributes
                0x00000157       0x31 C:/Freescale/CW MCU v10.6/MCU/ARM_GCC_Support/ewl/lib/armv6-m\libc.a(exit.o)
 .ARM.attributes
                0x00000188       0x31 C:/Freescale/CW MCU v10.6/MCU/ARM_GCC_Support/ewl/lib/armv6-m\libc.a(memset.o)
 .ARM.attributes
                0x000001b9       0x31 C:/Freescale/CW MCU v10.6/MCU/ARM_GCC_Support/ewl/lib/armv6-m\libc.a(__filll_mem.o)
 .ARM.attributes
                0x000001ea       0x31 C:/Freescale/CW MCU v10.6/MCU/ARM_GCC_Support/ewl/lib/armv6-m\librt.a(gcc_ctor_dtor.o)
 .ARM.attributes
                0x0000021b       0x31 C:/Freescale/CW MCU v10.6/MCU/ARM_GCC_Support/ewl/lib/armv6-m\librt.a(ROMCopy.o)
 .ARM.attributes
                0x0000024c       0x31 C:/Freescale/CW MCU v10.6/MCU/ARM_GCC_Support/ewl/lib/armv6-m\librt.a(__arm_eabi_init.o)
OUTPUT(ProyectoEcualizador.elf elf32-littlearm)

.debug_info     0x00000000     0x1de4
 .debug_info    0x00000000      0x447 ./Project_Settings/Startup_Code/kinetis_sysinit.o
 .debug_info    0x00000447      0x12a ./Project_Settings/Startup_Code/__arm_start.o
 .debug_info    0x00000571       0x54 ./Project_Settings/Startup_Code/__arm_end.o
 .debug_info    0x000005c5       0x9e ./Sources/main.o
 .debug_info    0x00000663      0x52d ./Sources/UART0.o
 .debug_info    0x00000b90      0x4b1 ./Sources/DAC.o
 .debug_info    0x00001041      0x50e ./Sources/ADC.o
 .debug_info    0x0000154f       0xe8 C:/Freescale/CW MCU v10.6/MCU/ARM_GCC_Support/ewl/lib/armv6-m\libc.a(exit.o)
 .debug_info    0x00001637       0xec C:/Freescale/CW MCU v10.6/MCU/ARM_GCC_Support/ewl/lib/armv6-m\libc.a(memset.o)
 .debug_info    0x00001723      0x137 C:/Freescale/CW MCU v10.6/MCU/ARM_GCC_Support/ewl/lib/armv6-m\libc.a(__filll_mem.o)
 .debug_info    0x0000185a      0x136 C:/Freescale/CW MCU v10.6/MCU/ARM_GCC_Support/ewl/lib/armv6-m\librt.a(gcc_ctor_dtor.o)
 .debug_info    0x00001990      0x19b C:/Freescale/CW MCU v10.6/MCU/ARM_GCC_Support/ewl/lib/armv6-m\librt.a(ROMCopy.o)
 .debug_info    0x00001b2b      0x2b9 C:/Freescale/CW MCU v10.6/MCU/ARM_GCC_Support/ewl/lib/armv6-m\librt.a(__arm_eabi_init.o)

.debug_abbrev   0x00000000      0x9e8
 .debug_abbrev  0x00000000       0xe7 ./Project_Settings/Startup_Code/kinetis_sysinit.o
 .debug_abbrev  0x000000e7       0x92 ./Project_Settings/Startup_Code/__arm_start.o
 .debug_abbrev  0x00000179       0x4c ./Project_Settings/Startup_Code/__arm_end.o
 .debug_abbrev  0x000001c5       0x4e ./Sources/main.o
 .debug_abbrev  0x00000213      0x115 ./Sources/UART0.o
 .debug_abbrev  0x00000328       0xef ./Sources/DAC.o
 .debug_abbrev  0x00000417      0x111 ./Sources/ADC.o
 .debug_abbrev  0x00000528       0x7a C:/Freescale/CW MCU v10.6/MCU/ARM_GCC_Support/ewl/lib/armv6-m\libc.a(exit.o)
 .debug_abbrev  0x000005a2       0x62 C:/Freescale/CW MCU v10.6/MCU/ARM_GCC_Support/ewl/lib/armv6-m\libc.a(memset.o)
 .debug_abbrev  0x00000604       0x78 C:/Freescale/CW MCU v10.6/MCU/ARM_GCC_Support/ewl/lib/armv6-m\libc.a(__filll_mem.o)
 .debug_abbrev  0x0000067c       0x99 C:/Freescale/CW MCU v10.6/MCU/ARM_GCC_Support/ewl/lib/armv6-m\librt.a(gcc_ctor_dtor.o)
 .debug_abbrev  0x00000715      0x120 C:/Freescale/CW MCU v10.6/MCU/ARM_GCC_Support/ewl/lib/armv6-m\librt.a(ROMCopy.o)
 .debug_abbrev  0x00000835      0x1b3 C:/Freescale/CW MCU v10.6/MCU/ARM_GCC_Support/ewl/lib/armv6-m\librt.a(__arm_eabi_init.o)

.debug_loc      0x00000000      0x750
 .debug_loc     0x00000000       0x58 ./Project_Settings/Startup_Code/kinetis_sysinit.o
 .debug_loc     0x00000058       0x2c ./Project_Settings/Startup_Code/__arm_start.o
 .debug_loc     0x00000084       0x38 ./Project_Settings/Startup_Code/__arm_end.o
 .debug_loc     0x000000bc       0x38 ./Sources/main.o
 .debug_loc     0x000000f4       0x90 ./Sources/UART0.o
 .debug_loc     0x00000184       0x64 ./Sources/DAC.o
 .debug_loc     0x000001e8       0x64 ./Sources/ADC.o
 .debug_loc     0x0000024c       0x3e C:/Freescale/CW MCU v10.6/MCU/ARM_GCC_Support/ewl/lib/armv6-m\libc.a(exit.o)
 .debug_loc     0x0000028a       0x6f C:/Freescale/CW MCU v10.6/MCU/ARM_GCC_Support/ewl/lib/armv6-m\libc.a(memset.o)
 .debug_loc     0x000002f9      0x14a C:/Freescale/CW MCU v10.6/MCU/ARM_GCC_Support/ewl/lib/armv6-m\libc.a(__filll_mem.o)
 .debug_loc     0x00000443       0x9d C:/Freescale/CW MCU v10.6/MCU/ARM_GCC_Support/ewl/lib/armv6-m\librt.a(gcc_ctor_dtor.o)
 .debug_loc     0x000004e0       0xd9 C:/Freescale/CW MCU v10.6/MCU/ARM_GCC_Support/ewl/lib/armv6-m\librt.a(ROMCopy.o)
 .debug_loc     0x000005b9      0x197 C:/Freescale/CW MCU v10.6/MCU/ARM_GCC_Support/ewl/lib/armv6-m\librt.a(__arm_eabi_init.o)

.debug_aranges  0x00000000      0x228
 .debug_aranges
                0x00000000       0x28 ./Project_Settings/Startup_Code/kinetis_sysinit.o
 .debug_aranges
                0x00000028       0x30 ./Project_Settings/Startup_Code/__arm_start.o
 .debug_aranges
                0x00000058       0x20 ./Project_Settings/Startup_Code/__arm_end.o
 .debug_aranges
                0x00000078       0x20 ./Sources/main.o
 .debug_aranges
                0x00000098       0x30 ./Sources/UART0.o
 .debug_aranges
                0x000000c8       0x28 ./Sources/DAC.o
 .debug_aranges
                0x000000f0       0x28 ./Sources/ADC.o
 .debug_aranges
                0x00000118       0x20 C:/Freescale/CW MCU v10.6/MCU/ARM_GCC_Support/ewl/lib/armv6-m\libc.a(exit.o)
 .debug_aranges
                0x00000138       0x20 C:/Freescale/CW MCU v10.6/MCU/ARM_GCC_Support/ewl/lib/armv6-m\libc.a(memset.o)
 .debug_aranges
                0x00000158       0x20 C:/Freescale/CW MCU v10.6/MCU/ARM_GCC_Support/ewl/lib/armv6-m\libc.a(__filll_mem.o)
 .debug_aranges
                0x00000178       0x28 C:/Freescale/CW MCU v10.6/MCU/ARM_GCC_Support/ewl/lib/armv6-m\librt.a(gcc_ctor_dtor.o)
 .debug_aranges
                0x000001a0       0x30 C:/Freescale/CW MCU v10.6/MCU/ARM_GCC_Support/ewl/lib/armv6-m\librt.a(ROMCopy.o)
 .debug_aranges
                0x000001d0       0x58 C:/Freescale/CW MCU v10.6/MCU/ARM_GCC_Support/ewl/lib/armv6-m\librt.a(__arm_eabi_init.o)

.debug_macinfo  0x00000000    0xc6b48
 .debug_macinfo
                0x00000000    0x264f0 ./Project_Settings/Startup_Code/kinetis_sysinit.o
 .debug_macinfo
                0x000264f0     0x3e6d ./Project_Settings/Startup_Code/__arm_start.o
 .debug_macinfo
                0x0002a35d     0x3456 ./Project_Settings/Startup_Code/__arm_end.o
 .debug_macinfo
                0x0002d7b3    0x2652d ./Sources/main.o
 .debug_macinfo
                0x00053ce0    0x264c4 ./Sources/UART0.o
 .debug_macinfo
                0x0007a1a4    0x264c4 ./Sources/DAC.o
 .debug_macinfo
                0x000a0668    0x264e0 ./Sources/ADC.o

.debug_line     0x00000000     0x142e
 .debug_line    0x00000000      0x23c ./Project_Settings/Startup_Code/kinetis_sysinit.o
 .debug_line    0x0000023c      0x2bf ./Project_Settings/Startup_Code/__arm_start.o
 .debug_line    0x000004fb      0x266 ./Project_Settings/Startup_Code/__arm_end.o
 .debug_line    0x00000761      0x222 ./Sources/main.o
 .debug_line    0x00000983      0x231 ./Sources/UART0.o
 .debug_line    0x00000bb4      0x212 ./Sources/DAC.o
 .debug_line    0x00000dc6      0x215 ./Sources/ADC.o
 .debug_line    0x00000fdb       0x8d C:/Freescale/CW MCU v10.6/MCU/ARM_GCC_Support/ewl/lib/armv6-m\libc.a(exit.o)
 .debug_line    0x00001068       0x90 C:/Freescale/CW MCU v10.6/MCU/ARM_GCC_Support/ewl/lib/armv6-m\libc.a(memset.o)
 .debug_line    0x000010f8       0xf6 C:/Freescale/CW MCU v10.6/MCU/ARM_GCC_Support/ewl/lib/armv6-m\libc.a(__filll_mem.o)
 .debug_line    0x000011ee       0x6c C:/Freescale/CW MCU v10.6/MCU/ARM_GCC_Support/ewl/lib/armv6-m\librt.a(gcc_ctor_dtor.o)
 .debug_line    0x0000125a       0xbd C:/Freescale/CW MCU v10.6/MCU/ARM_GCC_Support/ewl/lib/armv6-m\librt.a(ROMCopy.o)
 .debug_line    0x00001317      0x117 C:/Freescale/CW MCU v10.6/MCU/ARM_GCC_Support/ewl/lib/armv6-m\librt.a(__arm_eabi_init.o)

.debug_str      0x00000000      0x8fa
 .debug_str     0x00000000      0x2bd ./Project_Settings/Startup_Code/kinetis_sysinit.o
                                0x2e4 (size before relaxing)
 .debug_str     0x000002bd       0x85 ./Project_Settings/Startup_Code/__arm_start.o
                                0x1be (size before relaxing)
 .debug_str     0x00000342       0x41 ./Project_Settings/Startup_Code/__arm_end.o
                                 0xf5 (size before relaxing)
 .debug_str     0x00000383       0x28 ./Sources/main.o
                                0x14f (size before relaxing)
 .debug_str     0x000003ab       0xe0 ./Sources/UART0.o
                                0x2fe (size before relaxing)
 .debug_str     0x0000048b       0x6b ./Sources/DAC.o
                                0x2d8 (size before relaxing)
 .debug_str     0x000004f6       0x90 ./Sources/ADC.o
                                0x2e4 (size before relaxing)
 .debug_str     0x00000586       0x60 C:/Freescale/CW MCU v10.6/MCU/ARM_GCC_Support/ewl/lib/armv6-m\libc.a(exit.o)
                                0x157 (size before relaxing)
 .debug_str     0x000005e6       0x23 C:/Freescale/CW MCU v10.6/MCU/ARM_GCC_Support/ewl/lib/armv6-m\libc.a(memset.o)
                                0x140 (size before relaxing)
 .debug_str     0x00000609       0x2d C:/Freescale/CW MCU v10.6/MCU/ARM_GCC_Support/ewl/lib/armv6-m\libc.a(__filll_mem.o)
                                0x152 (size before relaxing)
 .debug_str     0x00000636      0x126 C:/Freescale/CW MCU v10.6/MCU/ARM_GCC_Support/ewl/lib/armv6-m\librt.a(gcc_ctor_dtor.o)
                                0x181 (size before relaxing)
 .debug_str     0x0000075c       0xa6 C:/Freescale/CW MCU v10.6/MCU/ARM_GCC_Support/ewl/lib/armv6-m\librt.a(ROMCopy.o)
                                0x13c (size before relaxing)
 .debug_str     0x00000802       0xf8 C:/Freescale/CW MCU v10.6/MCU/ARM_GCC_Support/ewl/lib/armv6-m\librt.a(__arm_eabi_init.o)
                                0x1b5 (size before relaxing)

.comment        0x00000000       0x79
 .comment       0x00000000       0x79 ./Project_Settings/Startup_Code/kinetis_sysinit.o
                                 0x7a (size before relaxing)
 .comment       0x00000000       0x7a ./Project_Settings/Startup_Code/__arm_start.o
 .comment       0x00000000       0x7a ./Project_Settings/Startup_Code/__arm_end.o
 .comment       0x00000000       0x7a ./Sources/main.o
 .comment       0x00000000       0x7a ./Sources/UART0.o
 .comment       0x00000000       0x7a ./Sources/DAC.o
 .comment       0x00000000       0x7a ./Sources/ADC.o
 .comment       0x00000000       0x7a C:/Freescale/CW MCU v10.6/MCU/ARM_GCC_Support/ewl/lib/armv6-m\libc.a(exit.o)
 .comment       0x00000000       0x7a C:/Freescale/CW MCU v10.6/MCU/ARM_GCC_Support/ewl/lib/armv6-m\libc.a(memset.o)
 .comment       0x00000000       0x7a C:/Freescale/CW MCU v10.6/MCU/ARM_GCC_Support/ewl/lib/armv6-m\libc.a(__filll_mem.o)
 .comment       0x00000000       0x7a C:/Freescale/CW MCU v10.6/MCU/ARM_GCC_Support/ewl/lib/armv6-m\librt.a(gcc_ctor_dtor.o)
 .comment       0x00000000       0x7a C:/Freescale/CW MCU v10.6/MCU/ARM_GCC_Support/ewl/lib/armv6-m\librt.a(ROMCopy.o)
 .comment       0x00000000       0x7a C:/Freescale/CW MCU v10.6/MCU/ARM_GCC_Support/ewl/lib/armv6-m\librt.a(__arm_eabi_init.o)

.debug_frame    0x00000000      0x3c4
 .debug_frame   0x00000000       0x48 ./Project_Settings/Startup_Code/kinetis_sysinit.o
 .debug_frame   0x00000048       0x4c ./Project_Settings/Startup_Code/__arm_start.o
 .debug_frame   0x00000094       0x30 ./Project_Settings/Startup_Code/__arm_end.o
 .debug_frame   0x000000c4       0x30 ./Sources/main.o
 .debug_frame   0x000000f4       0x68 ./Sources/UART0.o
 .debug_frame   0x0000015c       0x4c ./Sources/DAC.o
 .debug_frame   0x000001a8       0x4c ./Sources/ADC.o
 .debug_frame   0x000001f4       0x2c C:/Freescale/CW MCU v10.6/MCU/ARM_GCC_Support/ewl/lib/armv6-m\libc.a(exit.o)
 .debug_frame   0x00000220       0x28 C:/Freescale/CW MCU v10.6/MCU/ARM_GCC_Support/ewl/lib/armv6-m\libc.a(memset.o)
 .debug_frame   0x00000248       0x2c C:/Freescale/CW MCU v10.6/MCU/ARM_GCC_Support/ewl/lib/armv6-m\libc.a(__filll_mem.o)
 .debug_frame   0x00000274       0x40 C:/Freescale/CW MCU v10.6/MCU/ARM_GCC_Support/ewl/lib/armv6-m\librt.a(gcc_ctor_dtor.o)
 .debug_frame   0x000002b4       0x54 C:/Freescale/CW MCU v10.6/MCU/ARM_GCC_Support/ewl/lib/armv6-m\librt.a(ROMCopy.o)
 .debug_frame   0x00000308       0xbc C:/Freescale/CW MCU v10.6/MCU/ARM_GCC_Support/ewl/lib/armv6-m\librt.a(__arm_eabi_init.o)
