Archive member included because of file (symbol)

C:/Freescale/CW MCU v10.6/MCU/ARM_GCC_Support/ewl/lib/armv6-m\libc.a(exit.o)
                              ./Project_Settings/Startup_Code/__arm_start.o (exit)
C:/Freescale/CW MCU v10.6/MCU/ARM_GCC_Support/ewl/lib/armv6-m\libc.a(memset.o)
                              ./Project_Settings/Startup_Code/__arm_start.o (memset)
C:/Freescale/CW MCU v10.6/MCU/ARM_GCC_Support/ewl/lib/armv6-m\libc.a(__filll_mem.o)
                              C:/Freescale/CW MCU v10.6/MCU/ARM_GCC_Support/ewl/lib/armv6-m\libc.a(memset.o) (__fill_mem)
c:/freescale/cw mcu v10.6/cross_tools/arm-none-eabi-gcc-4_7_3/bin/../lib/gcc/arm-none-eabi/4.7.3/armv6-m\libgcc.a(_udivsi3.o)
                              ./Sources/MISCELANEO.o (__aeabi_uidiv)
c:/freescale/cw mcu v10.6/cross_tools/arm-none-eabi-gcc-4_7_3/bin/../lib/gcc/arm-none-eabi/4.7.3/armv6-m\libgcc.a(_dvmd_tls.o)
                              c:/freescale/cw mcu v10.6/cross_tools/arm-none-eabi-gcc-4_7_3/bin/../lib/gcc/arm-none-eabi/4.7.3/armv6-m\libgcc.a(_udivsi3.o) (__aeabi_idiv0)
C:/Freescale/CW MCU v10.6/MCU/ARM_GCC_Support/ewl/lib/armv6-m\librt.a(gcc_ctor_dtor.o)
                              ./Project_Settings/Startup_Code/__arm_start.o (__init_cpp)
C:/Freescale/CW MCU v10.6/MCU/ARM_GCC_Support/ewl/lib/armv6-m\librt.a(ROMCopy.o)
                              ./Project_Settings/Startup_Code/__arm_start.o (__copy_rom_sections_to_ram)
C:/Freescale/CW MCU v10.6/MCU/ARM_GCC_Support/ewl/lib/armv6-m\librt.a(__arm_eabi_init.o)
                              C:/Freescale/CW MCU v10.6/MCU/ARM_GCC_Support/ewl/lib/armv6-m\libc.a(exit.o) (__destroy_global_chain)

Discarded input sections

 .text          0x00000000        0x0 ./Project_Settings/Startup_Code/kinetis_sysinit.o
 .data          0x00000000        0x0 ./Project_Settings/Startup_Code/kinetis_sysinit.o
 .bss           0x00000000        0x0 ./Project_Settings/Startup_Code/kinetis_sysinit.o
 .text          0x00000000        0x0 ./Project_Settings/Startup_Code/__arm_start.o
 .data          0x00000000        0x0 ./Project_Settings/Startup_Code/__arm_start.o
 .bss           0x00000000        0x0 ./Project_Settings/Startup_Code/__arm_start.o
 .text.__iar_program_start
                0x00000000        0x4 ./Project_Settings/Startup_Code/__arm_start.o
 .text          0x00000000        0x0 ./Project_Settings/Startup_Code/__arm_end.o
 .data          0x00000000        0x0 ./Project_Settings/Startup_Code/__arm_end.o
 .bss           0x00000000        0x0 ./Project_Settings/Startup_Code/__arm_end.o
 .text          0x00000000        0x0 ./Sources/sa_mtb.o
 .data          0x00000000        0x0 ./Sources/sa_mtb.o
 .bss           0x00000000        0x0 ./Sources/sa_mtb.o
 .debug_info    0x00000000       0x21 ./Sources/sa_mtb.o
 .debug_abbrev  0x00000000       0x12 ./Sources/sa_mtb.o
 .debug_aranges
                0x00000000       0x18 ./Sources/sa_mtb.o
 .debug_macinfo
                0x00000000     0x24d8 ./Sources/sa_mtb.o
 .debug_line    0x00000000       0xaa ./Sources/sa_mtb.o
 .debug_str     0x00000000       0x9e ./Sources/sa_mtb.o
 .comment       0x00000000       0x7a ./Sources/sa_mtb.o
 .ARM.attributes
                0x00000000       0x31 ./Sources/sa_mtb.o
 .text          0x00000000        0x0 ./Sources/main.o
 .data          0x00000000        0x0 ./Sources/main.o
 .bss           0x00000000        0x0 ./Sources/main.o
 .text          0x00000000        0x0 ./Sources/UART.o
 .data          0x00000000        0x0 ./Sources/UART.o
 .bss           0x00000000        0x0 ./Sources/UART.o
 .text          0x00000000        0x0 ./Sources/MISCELANEO.o
 .data          0x00000000        0x0 ./Sources/MISCELANEO.o
 .bss           0x00000000        0x0 ./Sources/MISCELANEO.o
 .rodata.kdwaPinValue
                0x00000000       0x80 ./Sources/MISCELANEO.o
 .text.wfnHexCharAHex
                0x00000000       0x5c ./Sources/MISCELANEO.o
 .text.bfnDecimalAHexChar
                0x00000000       0x2c ./Sources/MISCELANEO.o
 .text.wfnHexCharADecimal
                0x00000000      0x1f4 ./Sources/MISCELANEO.o
 .text.dwfnBCDADecimal
                0x00000000       0x50 ./Sources/MISCELANEO.o
 .text.vfnDelay
                0x00000000       0x24 ./Sources/MISCELANEO.o
 .text          0x00000000        0x0 ./Sources/Convolucion.o
 .data          0x00000000        0x0 ./Sources/Convolucion.o
 .bss           0x00000000        0x0 ./Sources/Convolucion.o
 .text          0x00000000        0x0 C:/Freescale/CW MCU v10.6/MCU/ARM_GCC_Support/ewl/lib/armv6-m\libc.a(exit.o)
 .data          0x00000000        0x0 C:/Freescale/CW MCU v10.6/MCU/ARM_GCC_Support/ewl/lib/armv6-m\libc.a(exit.o)
 .bss           0x00000000        0x0 C:/Freescale/CW MCU v10.6/MCU/ARM_GCC_Support/ewl/lib/armv6-m\libc.a(exit.o)
 .text          0x00000000        0x0 C:/Freescale/CW MCU v10.6/MCU/ARM_GCC_Support/ewl/lib/armv6-m\libc.a(memset.o)
 .data          0x00000000        0x0 C:/Freescale/CW MCU v10.6/MCU/ARM_GCC_Support/ewl/lib/armv6-m\libc.a(memset.o)
 .bss           0x00000000        0x0 C:/Freescale/CW MCU v10.6/MCU/ARM_GCC_Support/ewl/lib/armv6-m\libc.a(memset.o)
 .text          0x00000000        0x0 C:/Freescale/CW MCU v10.6/MCU/ARM_GCC_Support/ewl/lib/armv6-m\libc.a(__filll_mem.o)
 .data          0x00000000        0x0 C:/Freescale/CW MCU v10.6/MCU/ARM_GCC_Support/ewl/lib/armv6-m\libc.a(__filll_mem.o)
 .bss           0x00000000        0x0 C:/Freescale/CW MCU v10.6/MCU/ARM_GCC_Support/ewl/lib/armv6-m\libc.a(__filll_mem.o)
 .data          0x00000000        0x0 c:/freescale/cw mcu v10.6/cross_tools/arm-none-eabi-gcc-4_7_3/bin/../lib/gcc/arm-none-eabi/4.7.3/armv6-m\libgcc.a(_udivsi3.o)
 .bss           0x00000000        0x0 c:/freescale/cw mcu v10.6/cross_tools/arm-none-eabi-gcc-4_7_3/bin/../lib/gcc/arm-none-eabi/4.7.3/armv6-m\libgcc.a(_udivsi3.o)
 .data          0x00000000        0x0 c:/freescale/cw mcu v10.6/cross_tools/arm-none-eabi-gcc-4_7_3/bin/../lib/gcc/arm-none-eabi/4.7.3/armv6-m\libgcc.a(_dvmd_tls.o)
 .bss           0x00000000        0x0 c:/freescale/cw mcu v10.6/cross_tools/arm-none-eabi-gcc-4_7_3/bin/../lib/gcc/arm-none-eabi/4.7.3/armv6-m\libgcc.a(_dvmd_tls.o)
 .text          0x00000000        0x0 C:/Freescale/CW MCU v10.6/MCU/ARM_GCC_Support/ewl/lib/armv6-m\librt.a(gcc_ctor_dtor.o)
 .data          0x00000000        0x0 C:/Freescale/CW MCU v10.6/MCU/ARM_GCC_Support/ewl/lib/armv6-m\librt.a(gcc_ctor_dtor.o)
 .bss           0x00000000        0x0 C:/Freescale/CW MCU v10.6/MCU/ARM_GCC_Support/ewl/lib/armv6-m\librt.a(gcc_ctor_dtor.o)
 .bss.__dso_handle
                0x00000000        0x4 C:/Freescale/CW MCU v10.6/MCU/ARM_GCC_Support/ewl/lib/armv6-m\librt.a(gcc_ctor_dtor.o)
 .text          0x00000000        0x0 C:/Freescale/CW MCU v10.6/MCU/ARM_GCC_Support/ewl/lib/armv6-m\librt.a(ROMCopy.o)
 .data          0x00000000        0x0 C:/Freescale/CW MCU v10.6/MCU/ARM_GCC_Support/ewl/lib/armv6-m\librt.a(ROMCopy.o)
 .bss           0x00000000        0x0 C:/Freescale/CW MCU v10.6/MCU/ARM_GCC_Support/ewl/lib/armv6-m\librt.a(ROMCopy.o)
 .text.__flush_cache
                0x00000000        0x2 C:/Freescale/CW MCU v10.6/MCU/ARM_GCC_Support/ewl/lib/armv6-m\librt.a(ROMCopy.o)
 .text          0x00000000        0x0 C:/Freescale/CW MCU v10.6/MCU/ARM_GCC_Support/ewl/lib/armv6-m\librt.a(__arm_eabi_init.o)
 .data          0x00000000        0x0 C:/Freescale/CW MCU v10.6/MCU/ARM_GCC_Support/ewl/lib/armv6-m\librt.a(__arm_eabi_init.o)
 .bss           0x00000000        0x0 C:/Freescale/CW MCU v10.6/MCU/ARM_GCC_Support/ewl/lib/armv6-m\librt.a(__arm_eabi_init.o)
 .text.__register_global_object
                0x00000000       0x14 C:/Freescale/CW MCU v10.6/MCU/ARM_GCC_Support/ewl/lib/armv6-m\librt.a(__arm_eabi_init.o)
 .text.__cxa_atexit
                0x00000000       0x38 C:/Freescale/CW MCU v10.6/MCU/ARM_GCC_Support/ewl/lib/armv6-m\librt.a(__arm_eabi_init.o)
 .text.__aeabi_atexit
                0x00000000        0xe C:/Freescale/CW MCU v10.6/MCU/ARM_GCC_Support/ewl/lib/armv6-m\librt.a(__arm_eabi_init.o)
 .text.__register_atexit
                0x00000000        0xc C:/Freescale/CW MCU v10.6/MCU/ARM_GCC_Support/ewl/lib/armv6-m\librt.a(__arm_eabi_init.o)
 .text.__init_hardware
                0x00000000        0x4 C:/Freescale/CW MCU v10.6/MCU/ARM_GCC_Support/ewl/lib/armv6-m\librt.a(__arm_eabi_init.o)
 .bss.atexit_curr_func
                0x00000000        0x4 C:/Freescale/CW MCU v10.6/MCU/ARM_GCC_Support/ewl/lib/armv6-m\librt.a(__arm_eabi_init.o)
 .bss.atexit_funcs
                0x00000000      0x300 C:/Freescale/CW MCU v10.6/MCU/ARM_GCC_Support/ewl/lib/armv6-m\librt.a(__arm_eabi_init.o)

Memory Configuration

Name             Origin             Length             Attributes
m_interrupts     0x00000000         0x000000c0         xr
m_cfmprotrom     0x00000400         0x00000010         xr
m_text           0x00000800         0x0001f800         xr
m_data           0x1ffff000         0x00004000         xrw
*default*        0x00000000         0xffffffff

Linker script and memory map

LOAD ./Project_Settings/Startup_Code/kinetis_sysinit.o
LOAD ./Project_Settings/Startup_Code/__arm_start.o
LOAD ./Project_Settings/Startup_Code/__arm_end.o
LOAD ./Sources/sa_mtb.o
LOAD ./Sources/main.o
LOAD ./Sources/UART.o
LOAD ./Sources/MISCELANEO.o
LOAD ./Sources/Convolucion.o
START GROUP
LOAD C:/Freescale/CW MCU v10.6/MCU/ARM_GCC_Support/ewl/lib/armv6-m\libc.a
LOAD C:/Freescale/CW MCU v10.6/MCU/ARM_GCC_Support/ewl/lib/armv6-m\libm.a
LOAD c:/freescale/cw mcu v10.6/cross_tools/arm-none-eabi-gcc-4_7_3/bin/../lib/gcc/arm-none-eabi/4.7.3/armv6-m\libgcc.a
LOAD C:/Freescale/CW MCU v10.6/MCU/ARM_GCC_Support/ewl/lib/armv6-m\librt.a
END GROUP
                0x20003000                _estack = 0x20003000
                0x20003000                __SP_INIT = _estack
                0x00000400                __heap_size = 0x400
                0x00000400                __stack_size = 0x400

.interrupts     0x00000000       0xc0
                0x00000000                __vector_table = .
                0x00000000                . = ALIGN (0x4)
 *(.vectortable)
 .vectortable   0x00000000       0xc0 ./Project_Settings/Startup_Code/kinetis_sysinit.o
                0x00000000                InterruptVector
                0x000000c0                . = ALIGN (0x4)

.cfmprotect     0x00000400        0x0
                0x00000400                . = ALIGN (0x4)
 *(.cfmconfig)
                0x00000400                . = ALIGN (0x4)

.text           0x00000800      0x85c
                0x00000800                . = ALIGN (0x4)
 *(.text)
 .text          0x00000800       0x9c c:/freescale/cw mcu v10.6/cross_tools/arm-none-eabi-gcc-4_7_3/bin/../lib/gcc/arm-none-eabi/4.7.3/armv6-m\libgcc.a(_udivsi3.o)
                0x00000800                __aeabi_uidiv
                0x00000800                __udivsi3
                0x00000888                __aeabi_uidivmod
 .text          0x0000089c        0x4 c:/freescale/cw mcu v10.6/cross_tools/arm-none-eabi-gcc-4_7_3/bin/../lib/gcc/arm-none-eabi/4.7.3/armv6-m\libgcc.a(_dvmd_tls.o)
                0x0000089c                __aeabi_idiv0
                0x0000089c                __aeabi_ldiv0
 *(.text*)
 .text.Default_Handler
                0x000008a0        0xc ./Project_Settings/Startup_Code/kinetis_sysinit.o
                0x000008a0                RTC_Alarm_IRQHandler
                0x000008a0                I2C0_IRQHandler
                0x000008a0                HardFault_Handler
                0x000008a0                SysTick_Handler
                0x000008a0                PendSV_Handler
                0x000008a0                NMI_Handler
                0x000008a0                I2C1_IRQHandler
                0x000008a0                UART1_IRQHandler
                0x000008a0                DMA2_IRQHandler
                0x000008a0                TSI0_IRQHandler
                0x000008a0                ADC0_IRQHandler
                0x000008a0                SPI1_IRQHandler
                0x000008a0                PORTD_IRQHandler
                0x000008a0                LPTimer_IRQHandler
                0x000008a0                FTM1_IRQHandler
                0x000008a0                RTC_Seconds_IRQHandler
                0x000008a0                MCG_IRQHandler
                0x000008a0                UART2_IRQHandler
                0x000008a0                Default_Handler
                0x000008a0                LLW_IRQHandler
                0x000008a0                PIT_IRQHandler
                0x000008a0                SVC_Handler
                0x000008a0                USBOTG_IRQHandler
                0x000008a0                DMA3_IRQHandler
                0x000008a0                DMA0_IRQHandler
                0x000008a0                DAC0_IRQHandler
                0x000008a0                PMC_IRQHandler
                0x000008a0                SPI0_IRQHandler
                0x000008a0                FTM0_IRQHandler
                0x000008a0                PORTA_IRQHandler
                0x000008a0                MCM_IRQHandler
                0x000008a0                FTFL_IRQHandler
                0x000008a0                FTM2_IRQHandler
                0x000008a0                CMP0_IRQHandler
                0x000008a0                DMA1_IRQHandler
 .text.__init_hardware
                0x000008ac       0x2c ./Project_Settings/Startup_Code/kinetis_sysinit.o
                0x000008ac                __init_hardware
 .text.zero_fill_bss
                0x000008d8       0x24 ./Project_Settings/Startup_Code/__arm_start.o
 .text.__thumb_startup
                0x000008fc       0x30 ./Project_Settings/Startup_Code/__arm_start.o
                0x000008fc                __thumb_startup
 .text._ExitProcess
                0x0000092c        0xc ./Project_Settings/Startup_Code/__arm_end.o
                0x0000092c                _ExitProcess
 .text.main     0x00000938      0x11c ./Sources/main.o
                0x00000938                main
 .text.vfnUARTCallback
                0x00000a54       0x28 ./Sources/main.o
                0x00000a54                vfnUARTCallback
 .text.vfnUartInit
                0x00000a7c      0x148 ./Sources/UART.o
                0x00000a7c                vfnUartInit
 .text.vfnUartTransmision
                0x00000bc4       0x74 ./Sources/UART.o
                0x00000bc4                vfnUartTransmision
 .text.UART0_IRQHandler
                0x00000c38       0x98 ./Sources/UART.o
                0x00000c38                UART0_IRQHandler
 .text.dwfnBCD  0x00000cd0       0xf8 ./Sources/MISCELANEO.o
                0x00000cd0                dwfnBCD
 .text.dwfnConvolucion
                0x00000dc8       0x94 ./Sources/Convolucion.o
                0x00000dc8                dwfnConvolucion
 .text.exit     0x00000e5c       0x38 C:/Freescale/CW MCU v10.6/MCU/ARM_GCC_Support/ewl/lib/armv6-m\libc.a(exit.o)
                0x00000e5c                exit
 .text.memset   0x00000e94        0xc C:/Freescale/CW MCU v10.6/MCU/ARM_GCC_Support/ewl/lib/armv6-m\libc.a(memset.o)
                0x00000e94                memset
 .text.__fill_mem
                0x00000ea0       0x7e C:/Freescale/CW MCU v10.6/MCU/ARM_GCC_Support/ewl/lib/armv6-m\libc.a(__filll_mem.o)
                0x00000ea0                __fill_mem
 *fill*         0x00000f1e        0x2 00
 .text.__init_cpp
                0x00000f20       0x48 C:/Freescale/CW MCU v10.6/MCU/ARM_GCC_Support/ewl/lib/armv6-m\librt.a(gcc_ctor_dtor.o)
                0x00000f20                __init_cpp
 .text.__fini_cpp
                0x00000f68       0x34 C:/Freescale/CW MCU v10.6/MCU/ARM_GCC_Support/ewl/lib/armv6-m\librt.a(gcc_ctor_dtor.o)
                0x00000f68                __fini_cpp
 .text.__copy_rom_section
                0x00000f9c       0x48 C:/Freescale/CW MCU v10.6/MCU/ARM_GCC_Support/ewl/lib/armv6-m\librt.a(ROMCopy.o)
                0x00000f9c                __copy_rom_section
 .text.__copy_rom_sections_to_ram
                0x00000fe4       0x34 C:/Freescale/CW MCU v10.6/MCU/ARM_GCC_Support/ewl/lib/armv6-m\librt.a(ROMCopy.o)
                0x00000fe4                __copy_rom_sections_to_ram
 .text.__destroy_global_chain
                0x00001018       0x1c C:/Freescale/CW MCU v10.6/MCU/ARM_GCC_Support/ewl/lib/armv6-m\librt.a(__arm_eabi_init.o)
                0x00001018                __destroy_global_chain
 .text.__init_registers
                0x00001034       0x1c C:/Freescale/CW MCU v10.6/MCU/ARM_GCC_Support/ewl/lib/armv6-m\librt.a(__arm_eabi_init.o)
                0x00001034                __init_registers
 .text.__init_user
                0x00001050        0x4 C:/Freescale/CW MCU v10.6/MCU/ARM_GCC_Support/ewl/lib/armv6-m\librt.a(__arm_eabi_init.o)
                0x00001050                __init_user
 *(.rodata)
 *(.rodata*)
 .rodata.kbBufferSistema
                0x00001054        0x4 ./Sources/main.o
                0x00001054                kbBufferSistema
 .rodata.kbSize
                0x00001058        0x1 ./Sources/main.o
                0x00001058                kbSize
 *(.glue_7)
 .glue_7        0x00000000        0x0 linker stubs
 *(.glue_7t)
 .glue_7t       0x00000000        0x0 linker stubs
 *(.eh_frame)
 *(.init)
 *(.fini)
                0x0000105c                . = ALIGN (0x4)
 *fill*         0x00001059        0x3 00
                0x0000105c                _etext = .

.vfp11_veneer   0x0000105c        0x0
 .vfp11_veneer  0x00000000        0x0 linker stubs

.v4_bx          0x0000105c        0x0
 .v4_bx         0x00000000        0x0 linker stubs

.iplt           0x0000105c        0x0
 .iplt          0x00000000        0x0 ./Project_Settings/Startup_Code/kinetis_sysinit.o

.rel.dyn        0x0000105c        0x0
 .rel.iplt      0x00000000        0x0 ./Project_Settings/Startup_Code/kinetis_sysinit.o

.ARM.extab
 *(.ARM.extab* .gnu.linkonce.armextab.*)

.ARM            0x0000105c        0x0
                0x0000105c                __exidx_start = .
 *(.ARM.exidx*)
                0x0000105c                __exidx_end = .

.ctors          0x0000105c        0x0
                0x0000105c                __CTOR_LIST__ = .
 *crtbegin.o(.ctors)
 *(EXCLUDE_FILE(*crtend.o) .ctors)
 *(SORT(.ctors.*))
 *(.ctors)
                0x0000105c                __CTOR_END__ = .

.dtors          0x0000105c        0x0
                0x0000105c                __DTOR_LIST__ = .
 *crtbegin.o(.dtors)
 *(EXCLUDE_FILE(*crtend.o) .dtors)
 *(SORT(.dtors.*))
 *(.dtors)
                0x0000105c                __DTOR_END__ = .

.preinit_array  0x0000105c        0x0
                0x0000105c                PROVIDE (__preinit_array_start, .)
 *(.preinit_array*)
                0x0000105c                PROVIDE (__preinit_array_end, .)

.init_array     0x0000105c        0x0
                0x0000105c                PROVIDE (__init_array_start, .)
 *(SORT(.init_array.*))
 *(.init_array*)
                0x0000105c                PROVIDE (__init_array_end, .)

.fini_array     0x0000105c        0x0
                0x0000105c                PROVIDE (__fini_array_start, .)
 *(SORT(.fini_array.*))
 *(.fini_array*)
                0x0000105c                PROVIDE (__fini_array_end, .)
                0x0000105c                ___ROM_AT = .

.mtb            0x1ffff000        0x0
                0x1ffff000                . = ALIGN (0x8)
                0x1ffff000                _mtb_start = .
 *(.mtb_buf)
                0x1ffff000                . = ALIGN (0x8)
                0x1ffff000                _mtb_end = .

.data           0x1ffff000        0xc load address 0x0000105c
                0x1ffff000                . = ALIGN (0x4)
                0x1ffff000                _sdata = .
 *(.data)
 *(.data*)
 .data.InitUartParameters
                0x1ffff000        0xc ./Sources/main.o
                0x1ffff000                InitUartParameters
                0x1ffff00c                . = ALIGN (0x4)
                0x1ffff00c                _edata = .
                0x0000000c                ___data_size = (_edata - _sdata)

.igot.plt       0x1ffff00c        0x0 load address 0x00001068
 .igot.plt      0x00000000        0x0 ./Project_Settings/Startup_Code/kinetis_sysinit.o
                0x1ffff00c                . = ALIGN (0x4)

.bss            0x1ffff00c       0x30 load address 0x00001068
                0x1ffff00c                __START_BSS = .
                0x1ffff00c                PROVIDE (__bss_start__, __START_BSS)
 *(.bss)
 *(.bss*)
 .bss.argv      0x1ffff00c        0x4 ./Project_Settings/Startup_Code/__arm_start.o
 .bss.gflgCharacterReceived
                0x1ffff010        0x1 ./Sources/main.o
                0x1ffff010                gflgCharacterReceived
 .bss.gbNewCharacterReceived
                0x1ffff011        0x1 ./Sources/main.o
                0x1ffff011                gbNewCharacterReceived
 *fill*         0x1ffff012        0x2 00
 .bss._bBufferEntrada
                0x1ffff014        0x4 ./Sources/main.o
 .bss.gbpDataToSend
                0x1ffff018        0x4 ./Sources/UART.o
 .bss.gwDataSize
                0x1ffff01c        0x2 ./Sources/UART.o
 .bss.gwIndex   0x1ffff01e        0x2 ./Sources/UART.o
 .bss.gpfnCallback
                0x1ffff020        0x4 ./Sources/UART.o
 .bss.__stdio_exit
                0x1ffff024        0x4 C:/Freescale/CW MCU v10.6/MCU/ARM_GCC_Support/ewl/lib/armv6-m\libc.a(exit.o)
                0x1ffff024                __stdio_exit
 .bss.__console_exit
                0x1ffff028        0x4 C:/Freescale/CW MCU v10.6/MCU/ARM_GCC_Support/ewl/lib/armv6-m\libc.a(exit.o)
                0x1ffff028                __console_exit
 .bss.__S_romp  0x1ffff02c        0xc C:/Freescale/CW MCU v10.6/MCU/ARM_GCC_Support/ewl/lib/armv6-m\librt.a(ROMCopy.o)
 .bss.__global_destructor_chain
                0x1ffff038        0x4 C:/Freescale/CW MCU v10.6/MCU/ARM_GCC_Support/ewl/lib/armv6-m\librt.a(__arm_eabi_init.o)
                0x1ffff038                __global_destructor_chain
 *(COMMON)
                0x1ffff03c                . = ALIGN (0x4)
                0x1ffff03c                __END_BSS = .
                0x1ffff03c                PROVIDE (__bss_end__, __END_BSS)
                0x00001068                _romp_at = (___ROM_AT + SIZEOF (.data))

.romp           0x1ffff03c       0x18 load address 0x00001068
                0x00001068                __S_romp = _romp_at
                0x1ffff03c        0x4 LONG 0x105c ___ROM_AT
                0x1ffff040        0x4 LONG 0x1ffff000 _sdata
                0x1ffff044        0x4 LONG 0xc ___data_size
                0x1ffff048        0x4 LONG 0x0
                0x1ffff04c        0x4 LONG 0x0
                0x1ffff050        0x4 LONG 0x0

._user_heap_stack
                0x1ffff054      0x800 load address 0x00001080
                0x1ffff054                . = ALIGN (0x4)
                0x1ffff054                PROVIDE (end, .)
                0x1ffff054                PROVIDE (_end, .)
                0x1ffff054                __heap_addr = .
                0x1ffff454                . = (. + __heap_size)
 *fill*         0x1ffff054      0x400 00
                0x1ffff854                . = (. + __stack_size)
 *fill*         0x1ffff454      0x400 00
                0x1ffff854                . = ALIGN (0x4)

.ARM.attributes
                0x00000000       0x31
 *(.ARM.attributes)
 .ARM.attributes
                0x00000000       0x31 ./Project_Settings/Startup_Code/kinetis_sysinit.o
 .ARM.attributes
                0x00000031       0x31 ./Project_Settings/Startup_Code/__arm_start.o
 .ARM.attributes
                0x00000062       0x31 ./Project_Settings/Startup_Code/__arm_end.o
 .ARM.attributes
                0x00000093       0x31 ./Sources/main.o
 .ARM.attributes
                0x000000c4       0x31 ./Sources/UART.o
 .ARM.attributes
                0x000000f5       0x31 ./Sources/MISCELANEO.o
 .ARM.attributes
                0x00000126       0x31 ./Sources/Convolucion.o
 .ARM.attributes
                0x00000157       0x31 C:/Freescale/CW MCU v10.6/MCU/ARM_GCC_Support/ewl/lib/armv6-m\libc.a(exit.o)
 .ARM.attributes
                0x00000188       0x31 C:/Freescale/CW MCU v10.6/MCU/ARM_GCC_Support/ewl/lib/armv6-m\libc.a(memset.o)
 .ARM.attributes
                0x000001b9       0x31 C:/Freescale/CW MCU v10.6/MCU/ARM_GCC_Support/ewl/lib/armv6-m\libc.a(__filll_mem.o)
 .ARM.attributes
                0x000001ea       0x1e c:/freescale/cw mcu v10.6/cross_tools/arm-none-eabi-gcc-4_7_3/bin/../lib/gcc/arm-none-eabi/4.7.3/armv6-m\libgcc.a(_udivsi3.o)
 .ARM.attributes
                0x00000208       0x1e c:/freescale/cw mcu v10.6/cross_tools/arm-none-eabi-gcc-4_7_3/bin/../lib/gcc/arm-none-eabi/4.7.3/armv6-m\libgcc.a(_dvmd_tls.o)
 .ARM.attributes
                0x00000226       0x31 C:/Freescale/CW MCU v10.6/MCU/ARM_GCC_Support/ewl/lib/armv6-m\librt.a(gcc_ctor_dtor.o)
 .ARM.attributes
                0x00000257       0x31 C:/Freescale/CW MCU v10.6/MCU/ARM_GCC_Support/ewl/lib/armv6-m\librt.a(ROMCopy.o)
 .ARM.attributes
                0x00000288       0x31 C:/Freescale/CW MCU v10.6/MCU/ARM_GCC_Support/ewl/lib/armv6-m\librt.a(__arm_eabi_init.o)
OUTPUT(Convolucion.elf elf32-littlearm)

.debug_info     0x00000000     0x1a29
 .debug_info    0x00000000      0x447 ./Project_Settings/Startup_Code/kinetis_sysinit.o
 .debug_info    0x00000447      0x12a ./Project_Settings/Startup_Code/__arm_start.o
 .debug_info    0x00000571       0x54 ./Project_Settings/Startup_Code/__arm_end.o
 .debug_info    0x000005c5      0x20b ./Sources/main.o
 .debug_info    0x000007d0      0x653 ./Sources/UART.o
 .debug_info    0x00000e23      0x2be ./Sources/MISCELANEO.o
 .debug_info    0x000010e1       0xb3 ./Sources/Convolucion.o
 .debug_info    0x00001194       0xe8 C:/Freescale/CW MCU v10.6/MCU/ARM_GCC_Support/ewl/lib/armv6-m\libc.a(exit.o)
 .debug_info    0x0000127c       0xec C:/Freescale/CW MCU v10.6/MCU/ARM_GCC_Support/ewl/lib/armv6-m\libc.a(memset.o)
 .debug_info    0x00001368      0x137 C:/Freescale/CW MCU v10.6/MCU/ARM_GCC_Support/ewl/lib/armv6-m\libc.a(__filll_mem.o)
 .debug_info    0x0000149f      0x136 C:/Freescale/CW MCU v10.6/MCU/ARM_GCC_Support/ewl/lib/armv6-m\librt.a(gcc_ctor_dtor.o)
 .debug_info    0x000015d5      0x19b C:/Freescale/CW MCU v10.6/MCU/ARM_GCC_Support/ewl/lib/armv6-m\librt.a(ROMCopy.o)
 .debug_info    0x00001770      0x2b9 C:/Freescale/CW MCU v10.6/MCU/ARM_GCC_Support/ewl/lib/armv6-m\librt.a(__arm_eabi_init.o)

.debug_abbrev   0x00000000      0x989
 .debug_abbrev  0x00000000       0xe7 ./Project_Settings/Startup_Code/kinetis_sysinit.o
 .debug_abbrev  0x000000e7       0x92 ./Project_Settings/Startup_Code/__arm_start.o
 .debug_abbrev  0x00000179       0x4c ./Project_Settings/Startup_Code/__arm_end.o
 .debug_abbrev  0x000001c5       0xe9 ./Sources/main.o
 .debug_abbrev  0x000002ae      0x10a ./Sources/UART.o
 .debug_abbrev  0x000003b8       0xad ./Sources/MISCELANEO.o
 .debug_abbrev  0x00000465       0x64 ./Sources/Convolucion.o
 .debug_abbrev  0x000004c9       0x7a C:/Freescale/CW MCU v10.6/MCU/ARM_GCC_Support/ewl/lib/armv6-m\libc.a(exit.o)
 .debug_abbrev  0x00000543       0x62 C:/Freescale/CW MCU v10.6/MCU/ARM_GCC_Support/ewl/lib/armv6-m\libc.a(memset.o)
 .debug_abbrev  0x000005a5       0x78 C:/Freescale/CW MCU v10.6/MCU/ARM_GCC_Support/ewl/lib/armv6-m\libc.a(__filll_mem.o)
 .debug_abbrev  0x0000061d       0x99 C:/Freescale/CW MCU v10.6/MCU/ARM_GCC_Support/ewl/lib/armv6-m\librt.a(gcc_ctor_dtor.o)
 .debug_abbrev  0x000006b6      0x120 C:/Freescale/CW MCU v10.6/MCU/ARM_GCC_Support/ewl/lib/armv6-m\librt.a(ROMCopy.o)
 .debug_abbrev  0x000007d6      0x1b3 C:/Freescale/CW MCU v10.6/MCU/ARM_GCC_Support/ewl/lib/armv6-m\librt.a(__arm_eabi_init.o)

.debug_loc      0x00000000      0x860
 .debug_loc     0x00000000       0x58 ./Project_Settings/Startup_Code/kinetis_sysinit.o
 .debug_loc     0x00000058       0x2c ./Project_Settings/Startup_Code/__arm_start.o
 .debug_loc     0x00000084       0x38 ./Project_Settings/Startup_Code/__arm_end.o
 .debug_loc     0x000000bc       0x70 ./Sources/main.o
 .debug_loc     0x0000012c       0xa8 ./Sources/UART.o
 .debug_loc     0x000001d4      0x150 ./Sources/MISCELANEO.o
 .debug_loc     0x00000324       0x38 ./Sources/Convolucion.o
 .debug_loc     0x0000035c       0x3e C:/Freescale/CW MCU v10.6/MCU/ARM_GCC_Support/ewl/lib/armv6-m\libc.a(exit.o)
 .debug_loc     0x0000039a       0x6f C:/Freescale/CW MCU v10.6/MCU/ARM_GCC_Support/ewl/lib/armv6-m\libc.a(memset.o)
 .debug_loc     0x00000409      0x14a C:/Freescale/CW MCU v10.6/MCU/ARM_GCC_Support/ewl/lib/armv6-m\libc.a(__filll_mem.o)
 .debug_loc     0x00000553       0x9d C:/Freescale/CW MCU v10.6/MCU/ARM_GCC_Support/ewl/lib/armv6-m\librt.a(gcc_ctor_dtor.o)
 .debug_loc     0x000005f0       0xd9 C:/Freescale/CW MCU v10.6/MCU/ARM_GCC_Support/ewl/lib/armv6-m\librt.a(ROMCopy.o)
 .debug_loc     0x000006c9      0x197 C:/Freescale/CW MCU v10.6/MCU/ARM_GCC_Support/ewl/lib/armv6-m\librt.a(__arm_eabi_init.o)

.debug_aranges  0x00000000      0x248
 .debug_aranges
                0x00000000       0x28 ./Project_Settings/Startup_Code/kinetis_sysinit.o
 .debug_aranges
                0x00000028       0x30 ./Project_Settings/Startup_Code/__arm_start.o
 .debug_aranges
                0x00000058       0x20 ./Project_Settings/Startup_Code/__arm_end.o
 .debug_aranges
                0x00000078       0x28 ./Sources/main.o
 .debug_aranges
                0x000000a0       0x30 ./Sources/UART.o
 .debug_aranges
                0x000000d0       0x48 ./Sources/MISCELANEO.o
 .debug_aranges
                0x00000118       0x20 ./Sources/Convolucion.o
 .debug_aranges
                0x00000138       0x20 C:/Freescale/CW MCU v10.6/MCU/ARM_GCC_Support/ewl/lib/armv6-m\libc.a(exit.o)
 .debug_aranges
                0x00000158       0x20 C:/Freescale/CW MCU v10.6/MCU/ARM_GCC_Support/ewl/lib/armv6-m\libc.a(memset.o)
 .debug_aranges
                0x00000178       0x20 C:/Freescale/CW MCU v10.6/MCU/ARM_GCC_Support/ewl/lib/armv6-m\libc.a(__filll_mem.o)
 .debug_aranges
                0x00000198       0x28 C:/Freescale/CW MCU v10.6/MCU/ARM_GCC_Support/ewl/lib/armv6-m\librt.a(gcc_ctor_dtor.o)
 .debug_aranges
                0x000001c0       0x30 C:/Freescale/CW MCU v10.6/MCU/ARM_GCC_Support/ewl/lib/armv6-m\librt.a(ROMCopy.o)
 .debug_aranges
                0x000001f0       0x58 C:/Freescale/CW MCU v10.6/MCU/ARM_GCC_Support/ewl/lib/armv6-m\librt.a(__arm_eabi_init.o)

.debug_macinfo  0x00000000    0xa2ecd
 .debug_macinfo
                0x00000000    0x264f0 ./Project_Settings/Startup_Code/kinetis_sysinit.o
 .debug_macinfo
                0x000264f0     0x3e6d ./Project_Settings/Startup_Code/__arm_start.o
 .debug_macinfo
                0x0002a35d     0x3456 ./Project_Settings/Startup_Code/__arm_end.o
 .debug_macinfo
                0x0002d7b3    0x266c6 ./Sources/main.o
 .debug_macinfo
                0x00053e79    0x264e1 ./Sources/UART.o
 .debug_macinfo
                0x0007a35a    0x26685 ./Sources/MISCELANEO.o
 .debug_macinfo
                0x000a09df     0x24ee ./Sources/Convolucion.o

.debug_line     0x00000000     0x132a
 .debug_line    0x00000000      0x21f ./Project_Settings/Startup_Code/kinetis_sysinit.o
 .debug_line    0x0000021f      0x2a2 ./Project_Settings/Startup_Code/__arm_start.o
 .debug_line    0x000004c1      0x266 ./Project_Settings/Startup_Code/__arm_end.o
 .debug_line    0x00000727      0x228 ./Sources/main.o
 .debug_line    0x0000094f      0x225 ./Sources/UART.o
 .debug_line    0x00000b74      0x28a ./Sources/MISCELANEO.o
 .debug_line    0x00000dfe       0xd9 ./Sources/Convolucion.o
 .debug_line    0x00000ed7       0x8d C:/Freescale/CW MCU v10.6/MCU/ARM_GCC_Support/ewl/lib/armv6-m\libc.a(exit.o)
 .debug_line    0x00000f64       0x90 C:/Freescale/CW MCU v10.6/MCU/ARM_GCC_Support/ewl/lib/armv6-m\libc.a(memset.o)
 .debug_line    0x00000ff4       0xf6 C:/Freescale/CW MCU v10.6/MCU/ARM_GCC_Support/ewl/lib/armv6-m\libc.a(__filll_mem.o)
 .debug_line    0x000010ea       0x6c C:/Freescale/CW MCU v10.6/MCU/ARM_GCC_Support/ewl/lib/armv6-m\librt.a(gcc_ctor_dtor.o)
 .debug_line    0x00001156       0xbd C:/Freescale/CW MCU v10.6/MCU/ARM_GCC_Support/ewl/lib/armv6-m\librt.a(ROMCopy.o)
 .debug_line    0x00001213      0x117 C:/Freescale/CW MCU v10.6/MCU/ARM_GCC_Support/ewl/lib/armv6-m\librt.a(__arm_eabi_init.o)

.debug_str      0x00000000      0xa62
 .debug_str     0x00000000      0x2a0 ./Project_Settings/Startup_Code/kinetis_sysinit.o
                                0x2c7 (size before relaxing)
 .debug_str     0x000002a0       0x85 ./Project_Settings/Startup_Code/__arm_start.o
                                0x1a1 (size before relaxing)
 .debug_str     0x00000325       0x41 ./Project_Settings/Startup_Code/__arm_end.o
                                 0xd8 (size before relaxing)
 .debug_str     0x00000366      0x136 ./Sources/main.o
                                0x24c (size before relaxing)
 .debug_str     0x0000049c      0x106 ./Sources/UART.o
                                0x393 (size before relaxing)
 .debug_str     0x000005a2       0xf2 ./Sources/MISCELANEO.o
                                0x219 (size before relaxing)
 .debug_str     0x00000694       0x5f ./Sources/Convolucion.o
                                0x11b (size before relaxing)
 .debug_str     0x000006f3       0x60 C:/Freescale/CW MCU v10.6/MCU/ARM_GCC_Support/ewl/lib/armv6-m\libc.a(exit.o)
                                0x157 (size before relaxing)
 .debug_str     0x00000753       0x23 C:/Freescale/CW MCU v10.6/MCU/ARM_GCC_Support/ewl/lib/armv6-m\libc.a(memset.o)
                                0x140 (size before relaxing)
 .debug_str     0x00000776       0x2d C:/Freescale/CW MCU v10.6/MCU/ARM_GCC_Support/ewl/lib/armv6-m\libc.a(__filll_mem.o)
                                0x152 (size before relaxing)
 .debug_str     0x000007a3      0x126 C:/Freescale/CW MCU v10.6/MCU/ARM_GCC_Support/ewl/lib/armv6-m\librt.a(gcc_ctor_dtor.o)
                                0x181 (size before relaxing)
 .debug_str     0x000008c9       0xa1 C:/Freescale/CW MCU v10.6/MCU/ARM_GCC_Support/ewl/lib/armv6-m\librt.a(ROMCopy.o)
                                0x13c (size before relaxing)
 .debug_str     0x0000096a       0xf8 C:/Freescale/CW MCU v10.6/MCU/ARM_GCC_Support/ewl/lib/armv6-m\librt.a(__arm_eabi_init.o)
                                0x1b5 (size before relaxing)

.comment        0x00000000       0x79
 .comment       0x00000000       0x79 ./Project_Settings/Startup_Code/kinetis_sysinit.o
                                 0x7a (size before relaxing)
 .comment       0x00000000       0x7a ./Project_Settings/Startup_Code/__arm_start.o
 .comment       0x00000000       0x7a ./Project_Settings/Startup_Code/__arm_end.o
 .comment       0x00000000       0x7a ./Sources/main.o
 .comment       0x00000000       0x7a ./Sources/UART.o
 .comment       0x00000000       0x7a ./Sources/MISCELANEO.o
 .comment       0x00000000       0x7a ./Sources/Convolucion.o
 .comment       0x00000000       0x7a C:/Freescale/CW MCU v10.6/MCU/ARM_GCC_Support/ewl/lib/armv6-m\libc.a(exit.o)
 .comment       0x00000000       0x7a C:/Freescale/CW MCU v10.6/MCU/ARM_GCC_Support/ewl/lib/armv6-m\libc.a(memset.o)
 .comment       0x00000000       0x7a C:/Freescale/CW MCU v10.6/MCU/ARM_GCC_Support/ewl/lib/armv6-m\libc.a(__filll_mem.o)
 .comment       0x00000000       0x7a C:/Freescale/CW MCU v10.6/MCU/ARM_GCC_Support/ewl/lib/armv6-m\librt.a(gcc_ctor_dtor.o)
 .comment       0x00000000       0x7a C:/Freescale/CW MCU v10.6/MCU/ARM_GCC_Support/ewl/lib/armv6-m\librt.a(ROMCopy.o)
 .comment       0x00000000       0x7a C:/Freescale/CW MCU v10.6/MCU/ARM_GCC_Support/ewl/lib/armv6-m\librt.a(__arm_eabi_init.o)

.debug_frame    0x00000000      0x474
 .debug_frame   0x00000000       0x48 ./Project_Settings/Startup_Code/kinetis_sysinit.o
 .debug_frame   0x00000048       0x4c ./Project_Settings/Startup_Code/__arm_start.o
 .debug_frame   0x00000094       0x30 ./Project_Settings/Startup_Code/__arm_end.o
 .debug_frame   0x000000c4       0x50 ./Sources/main.o
 .debug_frame   0x00000114       0x70 ./Sources/UART.o
 .debug_frame   0x00000184       0xd0 ./Sources/MISCELANEO.o
 .debug_frame   0x00000254       0x30 ./Sources/Convolucion.o
 .debug_frame   0x00000284       0x2c C:/Freescale/CW MCU v10.6/MCU/ARM_GCC_Support/ewl/lib/armv6-m\libc.a(exit.o)
 .debug_frame   0x000002b0       0x28 C:/Freescale/CW MCU v10.6/MCU/ARM_GCC_Support/ewl/lib/armv6-m\libc.a(memset.o)
 .debug_frame   0x000002d8       0x2c C:/Freescale/CW MCU v10.6/MCU/ARM_GCC_Support/ewl/lib/armv6-m\libc.a(__filll_mem.o)
 .debug_frame   0x00000304       0x20 c:/freescale/cw mcu v10.6/cross_tools/arm-none-eabi-gcc-4_7_3/bin/../lib/gcc/arm-none-eabi/4.7.3/armv6-m\libgcc.a(_udivsi3.o)
 .debug_frame   0x00000324       0x40 C:/Freescale/CW MCU v10.6/MCU/ARM_GCC_Support/ewl/lib/armv6-m\librt.a(gcc_ctor_dtor.o)
 .debug_frame   0x00000364       0x54 C:/Freescale/CW MCU v10.6/MCU/ARM_GCC_Support/ewl/lib/armv6-m\librt.a(ROMCopy.o)
 .debug_frame   0x000003b8       0xbc C:/Freescale/CW MCU v10.6/MCU/ARM_GCC_Support/ewl/lib/armv6-m\librt.a(__arm_eabi_init.o)
